******************************************************************************
                  TI ARM Linker PC v20.2.7                     
******************************************************************************
>> Linked Wed Nov 12 20:47:29 2025

OUTPUT FILE NAME:   <ReceiverLights.out>
ENTRY POINT SYMBOL: "_c_int00_noargs"  address: 000020f9


MEMORY CONFIGURATION

         name            origin    length      used     unused   attr    fill
----------------------  --------  ---------  --------  --------  ----  --------
  FLASH                 00000000   00040000  00002284  0003dd7c  R  X
  SRAM                  20000000   00008000  00000270  00007d90  RW X


SEGMENT ALLOCATION MAP

run origin  load origin   length   init length attrs members
----------  ----------- ---------- ----------- ----- -------
00000000    00000000    00002288   00002288    r-x
  00000000    00000000    0000026c   0000026c    r-- .intvecs
  0000026c    0000026c    00001f9a   00001f9a    r-x .text
  00002208    00002208    00000046   00000046    r-- .const
  00002250    00002250    00000038   00000038    r-- .cinit
20000000    20000000    00000270   00000000    rw-
  20000000    20000000    00000200   00000000    rw- .stack
  20000200    20000200    0000005c   00000000    rw- .bss
  2000025c    2000025c    00000014   00000000    rw- .data


SECTION ALLOCATION MAP

 output                                  attributes/
section   page    origin      length       input sections
--------  ----  ----------  ----------   ----------------
.intvecs   0    00000000    0000026c     
                  00000000    0000026c     tm4c123gh6pm_startup_ccs.obj (.intvecs)

.text      0    0000026c    00001f9a     
                  0000026c    00000b24     main.obj (.text)
                  00000d90    00000808     gpio.obj (.text)
                  00001598    000004f4     nrf0.obj (.text)
                  00001a8c    0000016c     spi0.obj (.text)
                  00001bf8    00000138     uart1.obj (.text)
                  00001d30    00000128     uart0.obj (.text)
                  00001e58    00000118     rgb_led.obj (.text)
                  00001f70    0000009c     rtsv7M4_T_le_v4SPD16_eabi.lib : memcpy_t2.asm.obj (.text)
                  0000200c    00000068                                   : copy_decompress_lzss.c.obj (.text:decompress:lzss:__TI_decompress_lzss)
                  00002074    00000044                                   : autoinit.c.obj (.text:__TI_auto_init_nobinit_nopinit:__TI_auto_init_nobinit_nopinit)
                  000020b8    00000040                                   : strtok.c.obj (.text:strtok)
                  000020f8    00000034                                   : boot_cortex_m.c.obj (.text:_c_int00_noargs:_c_int00_noargs)
                  0000212c    0000002a                                   : strspn.c.obj (.text:strspn)
                  00002156    00000024                                   : strcspn.c.obj (.text:strcspn)
                  0000217a    00000024     wait.obj (.text)
                  0000219e    0000001c     rtsv7M4_T_le_v4SPD16_eabi.lib : copy_zero_init.c.obj (.text:decompress:ZI:__TI_zero_init_nomemset:__TI_zero_init_nomemset)
                  000021ba    00000018                                   : strcmp.c.obj (.text:strcmp)
                  000021d2    00000002     --HOLE-- [fill = 0]
                  000021d4    00000010     clock.obj (.text)
                  000021e4    0000000e     rtsv7M4_T_le_v4SPD16_eabi.lib : copy_decompress_none.c.obj (.text:decompress:none:__TI_decompress_none)
                  000021f2    0000000c     tm4c123gh6pm_startup_ccs.obj (.text)
                  000021fe    00000004     rtsv7M4_T_le_v4SPD16_eabi.lib : pre_init.c.obj (.text:_system_pre_init)
                  00002202    00000004                                   : exit.c.obj (.text:abort:abort)

.const     0    00002208    00000046     
                  00002208    00000010     main.obj (.const:PATTERNS)
                  00002218    0000000c     main.obj (.const:.string:PAT1)
                  00002224    00000009     main.obj (.const:.string:PAT3)
                  0000222d    00000008     main.obj (.const:.string:PAT2)
                  00002235    00000006     main.obj (.const:.string:PAT0)
                  0000223b    00000005     nrf0.obj (.const:.string:$P$T0$1)
                  00002240    00000005     nrf0.obj (.const:.string:$P$T1$2)
                  00002245    00000005     nrf0.obj (.const:.string:$P$T2$3)
                  0000224a    00000004     main.obj (.const:.string:PATLEN)

.cinit     0    00002250    00000038     
                  00002250    0000000d     (.cinit..data.load) [load image, compression = lzss]
                  0000225d    00000003     --HOLE-- [fill = 0]
                  00002260    0000000c     (__TI_handler_table)
                  0000226c    00000004     --HOLE-- [fill = 0]
                  00002270    00000008     (.cinit..bss.load) [load image, compression = zero_init]
                  00002278    00000010     (__TI_cinit_table)

.init_array 
*          0    00000000    00000000     UNINITIALIZED

.bss       0    20000200    0000005c     UNINITIALIZED
                  20000200    00000054     main.obj (.bss:strInput)
                  20000254    00000004     main.obj (.bss)
                  20000258    00000004     (.common:config)

.data      0    2000025c    00000014     UNINITIALIZED
                  2000025c    0000000a     main.obj (.data)
                  20000266    00000005     main.obj (.data:RxAddress)
                  2000026b    00000001     --HOLE--
                  2000026c    00000004     rtsv7M4_T_le_v4SPD16_eabi.lib : strtok.c.obj (.data)

.stack     0    20000000    00000200     UNINITIALIZED
                  20000000    00000004     rtsv7M4_T_le_v4SPD16_eabi.lib : boot_cortex_m.c.obj (.stack)
                  20000004    000001fc     --HOLE--

__llvm_prf_cnts 
*          0    20000000    00000000     UNINITIALIZED

MODULE SUMMARY

       Module                         code   ro data   rw data
       ------                         ----   -------   -------
    .\
       main.obj                       2852   55        103    
       gpio.obj                       2056   0         0      
       nrf0.obj                       1268   15        4      
       tm4c123gh6pm_startup_ccs.obj   12     620       0      
       spi0.obj                       364    0         0      
       uart1.obj                      312    0         0      
       uart0.obj                      296    0         0      
       rgb_led.obj                    280    0         0      
       wait.obj                       36     0         0      
       clock.obj                      16     0         0      
    +--+------------------------------+------+---------+---------+
       Total:                         7492   690       107    
                                                              
    C:\ti\ccs1260\ccs\tools\compiler\ti-cgt-arm_20.2.7.LTS\lib\rtsv7M4_T_le_v4SPD16_eabi.lib
       memcpy_t2.asm.obj              156    0         0      
       copy_decompress_lzss.c.obj     104    0         0      
       autoinit.c.obj                 68     0         0      
       strtok.c.obj                   64     0         4      
       boot_cortex_m.c.obj            52     0         0      
       strspn.c.obj                   42     0         0      
       strcspn.c.obj                  36     0         0      
       copy_zero_init.c.obj           28     0         0      
       strcmp.c.obj                   24     0         0      
       copy_decompress_none.c.obj     14     0         0      
       exit.c.obj                     4      0         0      
       pre_init.c.obj                 4      0         0      
    +--+------------------------------+------+---------+---------+
       Total:                         596    0         4      
                                                              
       Stack:                         0      0         512    
       Linker Generated:              0      49        0      
    +--+------------------------------+------+---------+---------+
       Grand Total:                   8088   739       623    


LINKER GENERATED COPY TABLES

__TI_cinit_table @ 00002278 records: 2, size/record: 8, table size: 16
	.data: load addr=00002250, load size=0000000d bytes, run addr=2000025c, run size=00000014 bytes, compression=lzss
	.bss: load addr=00002270, load size=00000008 bytes, run addr=20000200, run size=0000005c bytes, compression=zero_init


LINKER GENERATED HANDLER TABLE

__TI_handler_table @ 00002260 records: 3, size/record: 4, table size: 12
	index: 0, handler: __TI_decompress_lzss
	index: 1, handler: __TI_decompress_none
	index: 2, handler: __TI_zero_init


GLOBAL SYMBOLS: SORTED ALPHABETICALLY BY Name 

address   name                          
-------   ----                          
00002203  C$$EXIT                       
00001805  NRF24_Init                    
00001849  NRF24_InitRX                  
00001a1f  NRF24_Receive                 
00001975  NRF24_Rx                      
000018d9  NRF24_Transmit                
0000188d  NRF24_Tx                      
000016af  NRF24_res                     
00001639  NRF_COMMAND                   
00001605  NRF_READ_REG                  
00001655  NRF_WR_MULTI                  
000015d1  NRF_WR_REG                    
000021f3  ResetISR                      
20000200  __STACK_END                   
00000200  __STACK_SIZE                  
20000200  __STACK_TOP                   
00002278  __TI_CINIT_Base               
00002288  __TI_CINIT_Limit              
00002260  __TI_Handler_Table_Base       
0000226c  __TI_Handler_Table_Limit      
00002075  __TI_auto_init_nobinit_nopinit
0000200d  __TI_decompress_lzss          
000021e5  __TI_decompress_none          
ffffffff  __TI_pprof_out_hndl           
ffffffff  __TI_prof_data_size           
ffffffff  __TI_prof_data_start          
00000000  __TI_static_base__            
0000219f  __TI_zero_init_nomemset       
00001f71  __aeabi_memcpy                
00001f71  __aeabi_memcpy4               
00001f71  __aeabi_memcpy8               
ffffffff  __binit__                     
ffffffff  __c_args__                    
UNDEFED   __mpu_init                    
20000000  __stack                       
20000000  __start___llvm_prf_cnts       
20000000  __stop___llvm_prf_cnts        
000020f9  _c_int00_noargs               
UNDEFED   _system_post_cinit            
000021ff  _system_pre_init              
00002203  abort                         
ffffffff  binit                         
000013e5  clearPinInterrupt             
20000258  config                        
000015a7  disableDevice                 
000013c1  disablePinInterrupt           
000010f9  disablePinPulldown            
000010b1  disablePinPullup              
00000e4d  disablePort                   
000015c3  disableSpiCs                  
00001599  enableDevice                  
0000139d  enablePinInterrupt            
000010d5  enablePinPulldown             
00001083  enablePinPullup               
00000d91  enablePort                    
000015b5  enableSpiCs                   
00000000  g_pfnVectors                  
00001453  getPinValue                   
00001509  getPortValue                  
00001e07  getcUart0                     
00001cd9  getcUart1                     
00001e59  initRgb                       
000017db  initSpi                       
00001a8d  initSpi0                      
000021d5  initSystemClockTo40Mhz        
00001d31  initUart0                     
00001bf9  initUart1                     
000019e3  isDataAvailable               
00001e1b  kbhitUart0                    
00001ced  kbhitUart1                    
2000025d  light_mode                    
00000ccf  main                          
00001f71  memcpy                        
00000875  processSerial_Packet          
00001dbf  putcUart0                     
00001c91  putcUart1                     
00001ddb  putsUart0                     
00001cad  putsUart1                     
00001bc9  readSpi0Data                  
00000fb7  selectPinAnalogInput          
00000f69  selectPinDigitalInput         
000012d3  selectPinInterruptBothEdges   
00001283  selectPinInterruptFallingEdge 
00001329  selectPinInterruptHighLevel   
00001363  selectPinInterruptLowLevel    
00001233  selectPinInterruptRisingEdge  
00000f1b  selectPinOpenDrainOutput      
00000ecd  selectPinPushPullOutput       
00001121  setPinAuxFunction             
00001007  setPinCommitControl           
00001409  setPinValue                   
00001491  setPortValue                  
00001f01  setRgbColor                   
00001b29  setSpi0BaudRate               
00001b5f  setSpi0Mode                   
00001d7b  setUart0BaudRate              
00001c4d  setUart1BaudRate              
000021bb  strcmp                        
00002157  strcspn                       
0000212d  strspn                        
000020b9  strtok                        
0000142f  togglePinValue                
0000217b  waitMicrosecond               
00001bad  writeSpi0Data                 


GLOBAL SYMBOLS: SORTED BY Symbol Address 

address   name                          
-------   ----                          
00000000  __TI_static_base__            
00000000  g_pfnVectors                  
00000200  __STACK_SIZE                  
00000875  processSerial_Packet          
00000ccf  main                          
00000d91  enablePort                    
00000e4d  disablePort                   
00000ecd  selectPinPushPullOutput       
00000f1b  selectPinOpenDrainOutput      
00000f69  selectPinDigitalInput         
00000fb7  selectPinAnalogInput          
00001007  setPinCommitControl           
00001083  enablePinPullup               
000010b1  disablePinPullup              
000010d5  enablePinPulldown             
000010f9  disablePinPulldown            
00001121  setPinAuxFunction             
00001233  selectPinInterruptRisingEdge  
00001283  selectPinInterruptFallingEdge 
000012d3  selectPinInterruptBothEdges   
00001329  selectPinInterruptHighLevel   
00001363  selectPinInterruptLowLevel    
0000139d  enablePinInterrupt            
000013c1  disablePinInterrupt           
000013e5  clearPinInterrupt             
00001409  setPinValue                   
0000142f  togglePinValue                
00001453  getPinValue                   
00001491  setPortValue                  
00001509  getPortValue                  
00001599  enableDevice                  
000015a7  disableDevice                 
000015b5  enableSpiCs                   
000015c3  disableSpiCs                  
000015d1  NRF_WR_REG                    
00001605  NRF_READ_REG                  
00001639  NRF_COMMAND                   
00001655  NRF_WR_MULTI                  
000016af  NRF24_res                     
000017db  initSpi                       
00001805  NRF24_Init                    
00001849  NRF24_InitRX                  
0000188d  NRF24_Tx                      
000018d9  NRF24_Transmit                
00001975  NRF24_Rx                      
000019e3  isDataAvailable               
00001a1f  NRF24_Receive                 
00001a8d  initSpi0                      
00001b29  setSpi0BaudRate               
00001b5f  setSpi0Mode                   
00001bad  writeSpi0Data                 
00001bc9  readSpi0Data                  
00001bf9  initUart1                     
00001c4d  setUart1BaudRate              
00001c91  putcUart1                     
00001cad  putsUart1                     
00001cd9  getcUart1                     
00001ced  kbhitUart1                    
00001d31  initUart0                     
00001d7b  setUart0BaudRate              
00001dbf  putcUart0                     
00001ddb  putsUart0                     
00001e07  getcUart0                     
00001e1b  kbhitUart0                    
00001e59  initRgb                       
00001f01  setRgbColor                   
00001f71  __aeabi_memcpy                
00001f71  __aeabi_memcpy4               
00001f71  __aeabi_memcpy8               
00001f71  memcpy                        
0000200d  __TI_decompress_lzss          
00002075  __TI_auto_init_nobinit_nopinit
000020b9  strtok                        
000020f9  _c_int00_noargs               
0000212d  strspn                        
00002157  strcspn                       
0000217b  waitMicrosecond               
0000219f  __TI_zero_init_nomemset       
000021bb  strcmp                        
000021d5  initSystemClockTo40Mhz        
000021e5  __TI_decompress_none          
000021f3  ResetISR                      
000021ff  _system_pre_init              
00002203  C$$EXIT                       
00002203  abort                         
00002260  __TI_Handler_Table_Base       
0000226c  __TI_Handler_Table_Limit      
00002278  __TI_CINIT_Base               
00002288  __TI_CINIT_Limit              
20000000  __stack                       
20000000  __start___llvm_prf_cnts       
20000000  __stop___llvm_prf_cnts        
20000200  __STACK_END                   
20000200  __STACK_TOP                   
20000258  config                        
2000025d  light_mode                    
ffffffff  __TI_pprof_out_hndl           
ffffffff  __TI_prof_data_size           
ffffffff  __TI_prof_data_start          
ffffffff  __binit__                     
ffffffff  __c_args__                    
ffffffff  binit                         
UNDEFED   __mpu_init                    
UNDEFED   _system_post_cinit            

[104 symbols]
