******************************************************************************
                  TI ARM Linker PC v20.2.7                     
******************************************************************************
>> Linked Sat Dec  6 22:58:29 2025

OUTPUT FILE NAME:   <ReceiverLights.out>
ENTRY POINT SYMBOL: "_c_int00_noargs"  address: 00002395


MEMORY CONFIGURATION

         name            origin    length      used     unused   attr    fill
----------------------  --------  ---------  --------  --------  ----  --------
  FLASH                 00000000   00040000  00002520  0003dae0  R  X
  SRAM                  20000000   00008000  00000270  00007d90  RW X


SEGMENT ALLOCATION MAP

run origin  load origin   length   init length attrs members
----------  ----------- ---------- ----------- ----- -------
00000000    00000000    00002528   00002528    r-x
  00000000    00000000    0000026c   0000026c    r-- .intvecs
  0000026c    0000026c    00002236   00002236    r-x .text
  000024a4    000024a4    00000046   00000046    r-- .const
  000024f0    000024f0    00000038   00000038    r-- .cinit
20000000    20000000    00000270   00000000    rw-
  20000000    20000000    00000200   00000000    rw- .stack
  20000200    20000200    0000005c   00000000    rw- .bss
  2000025c    2000025c    00000014   00000000    rw- .data


SECTION ALLOCATION MAP

 output                                  attributes/
section   page    origin      length       input sections
--------  ----  ----------  ----------   ----------------
.intvecs   0    00000000    0000026c     
                  00000000    0000026c     tm4c123gh6pm_startup_ccs.obj (.intvecs)

.text      0    0000026c    00002236     
                  0000026c    00000b2c     main.obj (.text)
                  00000d98    00000808     gpio.obj (.text)
                  000015a0    000004f4     nrf0.obj (.text)
                  00001a94    00000294     motors.obj (.text)
                  00001d28    0000016c     spi0.obj (.text)
                  00001e94    00000138     uart1.obj (.text)
                  00001fcc    00000128     uart0.obj (.text)
                  000020f4    00000118     rgb_led.obj (.text)
                  0000220c    0000009c     rtsv7M4_T_le_v4SPD16_eabi.lib : memcpy_t2.asm.obj (.text)
                  000022a8    00000068                                   : copy_decompress_lzss.c.obj (.text:decompress:lzss:__TI_decompress_lzss)
                  00002310    00000044                                   : autoinit.c.obj (.text:__TI_auto_init_nobinit_nopinit:__TI_auto_init_nobinit_nopinit)
                  00002354    00000040                                   : strtok.c.obj (.text:strtok)
                  00002394    00000034                                   : boot_cortex_m.c.obj (.text:_c_int00_noargs:_c_int00_noargs)
                  000023c8    0000002a                                   : strspn.c.obj (.text:strspn)
                  000023f2    00000024                                   : strcspn.c.obj (.text:strcspn)
                  00002416    00000024     wait.obj (.text)
                  0000243a    0000001c     rtsv7M4_T_le_v4SPD16_eabi.lib : copy_zero_init.c.obj (.text:decompress:ZI:__TI_zero_init_nomemset:__TI_zero_init_nomemset)
                  00002456    00000018                                   : strcmp.c.obj (.text:strcmp)
                  0000246e    00000002     --HOLE-- [fill = 0]
                  00002470    00000010     clock.obj (.text)
                  00002480    0000000e     rtsv7M4_T_le_v4SPD16_eabi.lib : copy_decompress_none.c.obj (.text:decompress:none:__TI_decompress_none)
                  0000248e    0000000c     tm4c123gh6pm_startup_ccs.obj (.text)
                  0000249a    00000004     rtsv7M4_T_le_v4SPD16_eabi.lib : pre_init.c.obj (.text:_system_pre_init)
                  0000249e    00000004                                   : exit.c.obj (.text:abort:abort)

.const     0    000024a4    00000046     
                  000024a4    00000010     main.obj (.const:PATTERNS)
                  000024b4    0000000c     main.obj (.const:.string:PAT1)
                  000024c0    00000009     main.obj (.const:.string:PAT3)
                  000024c9    00000008     main.obj (.const:.string:PAT2)
                  000024d1    00000006     main.obj (.const:.string:PAT0)
                  000024d7    00000005     nrf0.obj (.const:.string:$P$T0$1)
                  000024dc    00000005     nrf0.obj (.const:.string:$P$T1$2)
                  000024e1    00000005     nrf0.obj (.const:.string:$P$T2$3)
                  000024e6    00000004     main.obj (.const:.string:PATLEN)

.cinit     0    000024f0    00000038     
                  000024f0    0000000d     (.cinit..data.load) [load image, compression = lzss]
                  000024fd    00000003     --HOLE-- [fill = 0]
                  00002500    0000000c     (__TI_handler_table)
                  0000250c    00000004     --HOLE-- [fill = 0]
                  00002510    00000008     (.cinit..bss.load) [load image, compression = zero_init]
                  00002518    00000010     (__TI_cinit_table)

.init_array 
*          0    00000000    00000000     UNINITIALIZED

.bss       0    20000200    0000005c     UNINITIALIZED
                  20000200    00000054     main.obj (.bss:strInput)
                  20000254    00000004     main.obj (.bss)
                  20000258    00000004     (.common:config)

.data      0    2000025c    00000014     UNINITIALIZED
                  2000025c    0000000a     main.obj (.data)
                  20000266    00000005     main.obj (.data:RxAddress)
                  2000026b    00000001     --HOLE--
                  2000026c    00000004     rtsv7M4_T_le_v4SPD16_eabi.lib : strtok.c.obj (.data)

.stack     0    20000000    00000200     UNINITIALIZED
                  20000000    00000004     rtsv7M4_T_le_v4SPD16_eabi.lib : boot_cortex_m.c.obj (.stack)
                  20000004    000001fc     --HOLE--

__llvm_prf_cnts 
*          0    20000000    00000000     UNINITIALIZED

MODULE SUMMARY

       Module                         code   ro data   rw data
       ------                         ----   -------   -------
    .\
       main.obj                       2860   55        103    
       gpio.obj                       2056   0         0      
       nrf0.obj                       1268   15        4      
       motors.obj                     660    0         0      
       tm4c123gh6pm_startup_ccs.obj   12     620       0      
       spi0.obj                       364    0         0      
       uart1.obj                      312    0         0      
       uart0.obj                      296    0         0      
       rgb_led.obj                    280    0         0      
       wait.obj                       36     0         0      
       clock.obj                      16     0         0      
    +--+------------------------------+------+---------+---------+
       Total:                         8160   690       107    
                                                              
    C:\ti\ccs1260\ccs\tools\compiler\ti-cgt-arm_20.2.7.LTS\lib\rtsv7M4_T_le_v4SPD16_eabi.lib
       memcpy_t2.asm.obj              156    0         0      
       copy_decompress_lzss.c.obj     104    0         0      
       autoinit.c.obj                 68     0         0      
       strtok.c.obj                   64     0         4      
       boot_cortex_m.c.obj            52     0         0      
       strspn.c.obj                   42     0         0      
       strcspn.c.obj                  36     0         0      
       copy_zero_init.c.obj           28     0         0      
       strcmp.c.obj                   24     0         0      
       copy_decompress_none.c.obj     14     0         0      
       exit.c.obj                     4      0         0      
       pre_init.c.obj                 4      0         0      
    +--+------------------------------+------+---------+---------+
       Total:                         596    0         4      
                                                              
       Stack:                         0      0         512    
       Linker Generated:              0      49        0      
    +--+------------------------------+------+---------+---------+
       Grand Total:                   8756   739       623    


LINKER GENERATED COPY TABLES

__TI_cinit_table @ 00002518 records: 2, size/record: 8, table size: 16
	.data: load addr=000024f0, load size=0000000d bytes, run addr=2000025c, run size=00000014 bytes, compression=lzss
	.bss: load addr=00002510, load size=00000008 bytes, run addr=20000200, run size=0000005c bytes, compression=zero_init


LINKER GENERATED HANDLER TABLE

__TI_handler_table @ 00002500 records: 3, size/record: 4, table size: 12
	index: 0, handler: __TI_decompress_lzss
	index: 1, handler: __TI_decompress_none
	index: 2, handler: __TI_zero_init


GLOBAL SYMBOLS: SORTED ALPHABETICALLY BY Name 

address   name                          
-------   ----                          
0000249f  C$$EXIT                       
0000180d  NRF24_Init                    
00001851  NRF24_InitRX                  
00001a27  NRF24_Receive                 
0000197d  NRF24_Rx                      
000018e1  NRF24_Transmit                
00001895  NRF24_Tx                      
000016b7  NRF24_res                     
00001641  NRF_COMMAND                   
0000160d  NRF_READ_REG                  
0000165d  NRF_WR_MULTI                  
000015d9  NRF_WR_REG                    
0000248f  ResetISR                      
20000200  __STACK_END                   
00000200  __STACK_SIZE                  
20000200  __STACK_TOP                   
00002518  __TI_CINIT_Base               
00002528  __TI_CINIT_Limit              
00002500  __TI_Handler_Table_Base       
0000250c  __TI_Handler_Table_Limit      
00002311  __TI_auto_init_nobinit_nopinit
000022a9  __TI_decompress_lzss          
00002481  __TI_decompress_none          
ffffffff  __TI_pprof_out_hndl           
ffffffff  __TI_prof_data_size           
ffffffff  __TI_prof_data_start          
00000000  __TI_static_base__            
0000243b  __TI_zero_init_nomemset       
0000220d  __aeabi_memcpy                
0000220d  __aeabi_memcpy4               
0000220d  __aeabi_memcpy8               
ffffffff  __binit__                     
ffffffff  __c_args__                    
UNDEFED   __mpu_init                    
20000000  __stack                       
20000000  __start___llvm_prf_cnts       
20000000  __stop___llvm_prf_cnts        
00002395  _c_int00_noargs               
UNDEFED   _system_post_cinit            
0000249b  _system_pre_init              
0000249f  abort                         
ffffffff  binit                         
000013ed  clearPinInterrupt             
20000258  config                        
000015af  disableDevice                 
000013c9  disablePinInterrupt           
00001101  disablePinPulldown            
000010b9  disablePinPullup              
00000e55  disablePort                   
000015cb  disableSpiCs                  
000015a1  enableDevice                  
000013a5  enablePinInterrupt            
000010dd  enablePinPulldown             
0000108b  enablePinPullup               
00000d99  enablePort                    
000015bd  enableSpiCs                   
00000000  g_pfnVectors                  
0000145b  getPinValue                   
00001511  getPortValue                  
000020a3  getcUart0                     
00001f75  getcUart1                     
00001a95  initMotors                    
000020f5  initRgb                       
000017e3  initSpi                       
00001d29  initSpi0                      
00002471  initSystemClockTo40Mhz        
00001fcd  initUart0                     
00001e95  initUart1                     
00001b9b  initpwm                       
000019eb  isDataAvailable               
000020b7  kbhitUart0                    
00001f89  kbhitUart1                    
2000025d  light_mode                    
00000ccd  main                          
0000220d  memcpy                        
00000869  processSerial_Packet          
0000205b  putcUart0                     
00001f2d  putcUart1                     
00002077  putsUart0                     
00001f49  putsUart1                     
00001e65  readSpi0Data                  
00000fbf  selectPinAnalogInput          
00000f71  selectPinDigitalInput         
000012db  selectPinInterruptBothEdges   
0000128b  selectPinInterruptFallingEdge 
00001331  selectPinInterruptHighLevel   
0000136b  selectPinInterruptLowLevel    
0000123b  selectPinInterruptRisingEdge  
00000f23  selectPinOpenDrainOutput      
00000ed5  selectPinPushPullOutput       
00001ae7  setMotor1                     
00001b41  setMotor2                     
00001129  setPinAuxFunction             
0000100f  setPinCommitControl           
00001411  setPinValue                   
00001499  setPortValue                  
0000219d  setRgbColor                   
00001dc5  setSpi0BaudRate               
00001dfb  setSpi0Mode                   
00002017  setUart0BaudRate              
00001ee9  setUart1BaudRate              
00001c79  setpwm                        
00002457  strcmp                        
000023f3  strcspn                       
000023c9  strspn                        
00002355  strtok                        
00001437  togglePinValue                
00002417  waitMicrosecond               
00001e49  writeSpi0Data                 


GLOBAL SYMBOLS: SORTED BY Symbol Address 

address   name                          
-------   ----                          
00000000  __TI_static_base__            
00000000  g_pfnVectors                  
00000200  __STACK_SIZE                  
00000869  processSerial_Packet          
00000ccd  main                          
00000d99  enablePort                    
00000e55  disablePort                   
00000ed5  selectPinPushPullOutput       
00000f23  selectPinOpenDrainOutput      
00000f71  selectPinDigitalInput         
00000fbf  selectPinAnalogInput          
0000100f  setPinCommitControl           
0000108b  enablePinPullup               
000010b9  disablePinPullup              
000010dd  enablePinPulldown             
00001101  disablePinPulldown            
00001129  setPinAuxFunction             
0000123b  selectPinInterruptRisingEdge  
0000128b  selectPinInterruptFallingEdge 
000012db  selectPinInterruptBothEdges   
00001331  selectPinInterruptHighLevel   
0000136b  selectPinInterruptLowLevel    
000013a5  enablePinInterrupt            
000013c9  disablePinInterrupt           
000013ed  clearPinInterrupt             
00001411  setPinValue                   
00001437  togglePinValue                
0000145b  getPinValue                   
00001499  setPortValue                  
00001511  getPortValue                  
000015a1  enableDevice                  
000015af  disableDevice                 
000015bd  enableSpiCs                   
000015cb  disableSpiCs                  
000015d9  NRF_WR_REG                    
0000160d  NRF_READ_REG                  
00001641  NRF_COMMAND                   
0000165d  NRF_WR_MULTI                  
000016b7  NRF24_res                     
000017e3  initSpi                       
0000180d  NRF24_Init                    
00001851  NRF24_InitRX                  
00001895  NRF24_Tx                      
000018e1  NRF24_Transmit                
0000197d  NRF24_Rx                      
000019eb  isDataAvailable               
00001a27  NRF24_Receive                 
00001a95  initMotors                    
00001ae7  setMotor1                     
00001b41  setMotor2                     
00001b9b  initpwm                       
00001c79  setpwm                        
00001d29  initSpi0                      
00001dc5  setSpi0BaudRate               
00001dfb  setSpi0Mode                   
00001e49  writeSpi0Data                 
00001e65  readSpi0Data                  
00001e95  initUart1                     
00001ee9  setUart1BaudRate              
00001f2d  putcUart1                     
00001f49  putsUart1                     
00001f75  getcUart1                     
00001f89  kbhitUart1                    
00001fcd  initUart0                     
00002017  setUart0BaudRate              
0000205b  putcUart0                     
00002077  putsUart0                     
000020a3  getcUart0                     
000020b7  kbhitUart0                    
000020f5  initRgb                       
0000219d  setRgbColor                   
0000220d  __aeabi_memcpy                
0000220d  __aeabi_memcpy4               
0000220d  __aeabi_memcpy8               
0000220d  memcpy                        
000022a9  __TI_decompress_lzss          
00002311  __TI_auto_init_nobinit_nopinit
00002355  strtok                        
00002395  _c_int00_noargs               
000023c9  strspn                        
000023f3  strcspn                       
00002417  waitMicrosecond               
0000243b  __TI_zero_init_nomemset       
00002457  strcmp                        
00002471  initSystemClockTo40Mhz        
00002481  __TI_decompress_none          
0000248f  ResetISR                      
0000249b  _system_pre_init              
0000249f  C$$EXIT                       
0000249f  abort                         
00002500  __TI_Handler_Table_Base       
0000250c  __TI_Handler_Table_Limit      
00002518  __TI_CINIT_Base               
00002528  __TI_CINIT_Limit              
20000000  __stack                       
20000000  __start___llvm_prf_cnts       
20000000  __stop___llvm_prf_cnts        
20000200  __STACK_END                   
20000200  __STACK_TOP                   
20000258  config                        
2000025d  light_mode                    
ffffffff  __TI_pprof_out_hndl           
ffffffff  __TI_prof_data_size           
ffffffff  __TI_prof_data_start          
ffffffff  __binit__                     
ffffffff  __c_args__                    
ffffffff  binit                         
UNDEFED   __mpu_init                    
UNDEFED   _system_post_cinit            

[109 symbols]
