******************************************************************************
                  TI ARM Linker PC v20.2.7                     
******************************************************************************
>> Linked Thu Feb 12 13:57:18 2026

OUTPUT FILE NAME:   <Receiver_TM4C.out>
ENTRY POINT SYMBOL: "_c_int00_noargs"  address: 000020a9


MEMORY CONFIGURATION

         name            origin    length      used     unused   attr    fill
----------------------  --------  ---------  --------  --------  ----  --------
  FLASH                 00000000   00040000  00002234  0003ddcc  R  X
  SRAM                  20000000   00008000  00000270  00007d90  RW X


SEGMENT ALLOCATION MAP

run origin  load origin   length   init length attrs members
----------  ----------- ---------- ----------- ----- -------
00000000    00000000    00002238   00002238    r-x
  00000000    00000000    0000026c   0000026c    r-- .intvecs
  0000026c    0000026c    00001f4a   00001f4a    r-x .text
  000021b8    000021b8    00000046   00000046    r-- .const
  00002200    00002200    00000038   00000038    r-- .cinit
20000000    20000000    00000270   00000000    rw-
  20000000    20000000    00000200   00000000    rw- .stack
  20000200    20000200    0000005c   00000000    rw- .bss
  2000025c    2000025c    00000014   00000000    rw- .data


SECTION ALLOCATION MAP

 output                                  attributes/
section   page    origin      length       input sections
--------  ----  ----------  ----------   ----------------
.intvecs   0    00000000    0000026c     
                  00000000    0000026c     tm4c123gh6pm_startup_ccs.obj (.intvecs)

.text      0    0000026c    00001f4a     
                  0000026c    00000ad4     main.obj (.text)
                  00000d40    00000808     gpio.obj (.text)
                  00001548    000004f4     nrf0.obj (.text)
                  00001a3c    0000016c     spi0.obj (.text)
                  00001ba8    00000138     uart1.obj (.text)
                  00001ce0    00000128     uart0.obj (.text)
                  00001e08    00000118     rgb_led.obj (.text)
                  00001f20    0000009c     rtsv7M4_T_le_v4SPD16_eabi.lib : memcpy_t2.asm.obj (.text)
                  00001fbc    00000068                                   : copy_decompress_lzss.c.obj (.text:decompress:lzss:__TI_decompress_lzss)
                  00002024    00000044                                   : autoinit.c.obj (.text:__TI_auto_init_nobinit_nopinit:__TI_auto_init_nobinit_nopinit)
                  00002068    00000040                                   : strtok.c.obj (.text:strtok)
                  000020a8    00000034                                   : boot_cortex_m.c.obj (.text:_c_int00_noargs:_c_int00_noargs)
                  000020dc    0000002a                                   : strspn.c.obj (.text:strspn)
                  00002106    00000024                                   : strcspn.c.obj (.text:strcspn)
                  0000212a    00000024     wait.obj (.text)
                  0000214e    0000001c     rtsv7M4_T_le_v4SPD16_eabi.lib : copy_zero_init.c.obj (.text:decompress:ZI:__TI_zero_init_nomemset:__TI_zero_init_nomemset)
                  0000216a    00000018                                   : strcmp.c.obj (.text:strcmp)
                  00002182    00000002     --HOLE-- [fill = 0]
                  00002184    00000010     clock.obj (.text)
                  00002194    0000000e     rtsv7M4_T_le_v4SPD16_eabi.lib : copy_decompress_none.c.obj (.text:decompress:none:__TI_decompress_none)
                  000021a2    0000000c     tm4c123gh6pm_startup_ccs.obj (.text)
                  000021ae    00000004     rtsv7M4_T_le_v4SPD16_eabi.lib : pre_init.c.obj (.text:_system_pre_init)
                  000021b2    00000004                                   : exit.c.obj (.text:abort:abort)

.const     0    000021b8    00000046     
                  000021b8    00000010     main.obj (.const:PATTERNS)
                  000021c8    0000000c     main.obj (.const:.string:PAT1)
                  000021d4    00000009     main.obj (.const:.string:PAT3)
                  000021dd    00000008     main.obj (.const:.string:PAT2)
                  000021e5    00000006     main.obj (.const:.string:PAT0)
                  000021eb    00000005     nrf0.obj (.const:.string:$P$T0$1)
                  000021f0    00000005     nrf0.obj (.const:.string:$P$T1$2)
                  000021f5    00000005     nrf0.obj (.const:.string:$P$T2$3)
                  000021fa    00000004     main.obj (.const:.string:PATLEN)

.cinit     0    00002200    00000038     
                  00002200    0000000d     (.cinit..data.load) [load image, compression = lzss]
                  0000220d    00000003     --HOLE-- [fill = 0]
                  00002210    0000000c     (__TI_handler_table)
                  0000221c    00000004     --HOLE-- [fill = 0]
                  00002220    00000008     (.cinit..bss.load) [load image, compression = zero_init]
                  00002228    00000010     (__TI_cinit_table)

.init_array 
*          0    00000000    00000000     UNINITIALIZED

.bss       0    20000200    0000005c     UNINITIALIZED
                  20000200    00000054     main.obj (.bss:strInput)
                  20000254    00000004     main.obj (.bss)
                  20000258    00000004     (.common:config)

.data      0    2000025c    00000014     UNINITIALIZED
                  2000025c    0000000a     main.obj (.data)
                  20000266    00000005     main.obj (.data:RxAddress)
                  2000026b    00000001     --HOLE--
                  2000026c    00000004     rtsv7M4_T_le_v4SPD16_eabi.lib : strtok.c.obj (.data)

.stack     0    20000000    00000200     UNINITIALIZED
                  20000000    00000004     rtsv7M4_T_le_v4SPD16_eabi.lib : boot_cortex_m.c.obj (.stack)
                  20000004    000001fc     --HOLE--

__llvm_prf_cnts 
*          0    20000000    00000000     UNINITIALIZED

MODULE SUMMARY

       Module                         code   ro data   rw data
       ------                         ----   -------   -------
    .\
       main.obj                       2772   55        103    
       gpio.obj                       2056   0         0      
       nrf0.obj                       1268   15        4      
       tm4c123gh6pm_startup_ccs.obj   12     620       0      
       spi0.obj                       364    0         0      
       uart1.obj                      312    0         0      
       uart0.obj                      296    0         0      
       rgb_led.obj                    280    0         0      
       wait.obj                       36     0         0      
       clock.obj                      16     0         0      
    +--+------------------------------+------+---------+---------+
       Total:                         7412   690       107    
                                                              
    C:\ti\ccs1281\ccs\tools\compiler\ti-cgt-arm_20.2.7.LTS\lib\rtsv7M4_T_le_v4SPD16_eabi.lib
       memcpy_t2.asm.obj              156    0         0      
       copy_decompress_lzss.c.obj     104    0         0      
       autoinit.c.obj                 68     0         0      
       strtok.c.obj                   64     0         4      
       boot_cortex_m.c.obj            52     0         0      
       strspn.c.obj                   42     0         0      
       strcspn.c.obj                  36     0         0      
       copy_zero_init.c.obj           28     0         0      
       strcmp.c.obj                   24     0         0      
       copy_decompress_none.c.obj     14     0         0      
       exit.c.obj                     4      0         0      
       pre_init.c.obj                 4      0         0      
    +--+------------------------------+------+---------+---------+
       Total:                         596    0         4      
                                                              
       Stack:                         0      0         512    
       Linker Generated:              0      49        0      
    +--+------------------------------+------+---------+---------+
       Grand Total:                   8008   739       623    


LINKER GENERATED COPY TABLES

__TI_cinit_table @ 00002228 records: 2, size/record: 8, table size: 16
	.data: load addr=00002200, load size=0000000d bytes, run addr=2000025c, run size=00000014 bytes, compression=lzss
	.bss: load addr=00002220, load size=00000008 bytes, run addr=20000200, run size=0000005c bytes, compression=zero_init


LINKER GENERATED HANDLER TABLE

__TI_handler_table @ 00002210 records: 3, size/record: 4, table size: 12
	index: 0, handler: __TI_decompress_lzss
	index: 1, handler: __TI_decompress_none
	index: 2, handler: __TI_zero_init


GLOBAL SYMBOLS: SORTED ALPHABETICALLY BY Name 

address   name                          
-------   ----                          
000021b3  C$$EXIT                       
000017b5  NRF24_Init                    
000017f9  NRF24_InitRX                  
000019cf  NRF24_Receive                 
00001925  NRF24_Rx                      
00001889  NRF24_Transmit                
0000183d  NRF24_Tx                      
0000165f  NRF24_res                     
000015e9  NRF_COMMAND                   
000015b5  NRF_READ_REG                  
00001605  NRF_WR_MULTI                  
00001581  NRF_WR_REG                    
000021a3  ResetISR                      
20000200  __STACK_END                   
00000200  __STACK_SIZE                  
20000200  __STACK_TOP                   
00002228  __TI_CINIT_Base               
00002238  __TI_CINIT_Limit              
00002210  __TI_Handler_Table_Base       
0000221c  __TI_Handler_Table_Limit      
00002025  __TI_auto_init_nobinit_nopinit
00001fbd  __TI_decompress_lzss          
00002195  __TI_decompress_none          
ffffffff  __TI_pprof_out_hndl           
ffffffff  __TI_prof_data_size           
ffffffff  __TI_prof_data_start          
00000000  __TI_static_base__            
0000214f  __TI_zero_init_nomemset       
00001f21  __aeabi_memcpy                
00001f21  __aeabi_memcpy4               
00001f21  __aeabi_memcpy8               
ffffffff  __binit__                     
ffffffff  __c_args__                    
UNDEFED   __mpu_init                    
20000000  __stack                       
20000000  __start___llvm_prf_cnts       
20000000  __stop___llvm_prf_cnts        
000020a9  _c_int00_noargs               
UNDEFED   _system_post_cinit            
000021af  _system_pre_init              
000021b3  abort                         
ffffffff  binit                         
00001395  clearPinInterrupt             
20000258  config                        
00001557  disableDevice                 
00001371  disablePinInterrupt           
000010a9  disablePinPulldown            
00001061  disablePinPullup              
00000dfd  disablePort                   
00001573  disableSpiCs                  
00001549  enableDevice                  
0000134d  enablePinInterrupt            
00001085  enablePinPulldown             
00001033  enablePinPullup               
00000d41  enablePort                    
00001565  enableSpiCs                   
00000000  g_pfnVectors                  
00001403  getPinValue                   
000014b9  getPortValue                  
00001db7  getcUart0                     
00001c89  getcUart1                     
00001e09  initRgb                       
0000178b  initSpi                       
00001a3d  initSpi0                      
00002185  initSystemClockTo40Mhz        
00001ce1  initUart0                     
00001ba9  initUart1                     
00001993  isDataAvailable               
00001dcb  kbhitUart0                    
00001c9d  kbhitUart1                    
2000025d  light_mode                    
00000c87  main                          
00001f21  memcpy                        
0000082d  processSerial_Packet          
00001d6f  putcUart0                     
00001c41  putcUart1                     
00001d8b  putsUart0                     
00001c5d  putsUart1                     
00001b79  readSpi0Data                  
00000f67  selectPinAnalogInput          
00000f19  selectPinDigitalInput         
00001283  selectPinInterruptBothEdges   
00001233  selectPinInterruptFallingEdge 
000012d9  selectPinInterruptHighLevel   
00001313  selectPinInterruptLowLevel    
000011e3  selectPinInterruptRisingEdge  
00000ecb  selectPinOpenDrainOutput      
00000e7d  selectPinPushPullOutput       
000010d1  setPinAuxFunction             
00000fb7  setPinCommitControl           
000013b9  setPinValue                   
00001441  setPortValue                  
00001eb1  setRgbColor                   
00001ad9  setSpi0BaudRate               
00001b0f  setSpi0Mode                   
00001d2b  setUart0BaudRate              
00001bfd  setUart1BaudRate              
0000216b  strcmp                        
00002107  strcspn                       
000020dd  strspn                        
00002069  strtok                        
000013df  togglePinValue                
0000212b  waitMicrosecond               
00001b5d  writeSpi0Data                 


GLOBAL SYMBOLS: SORTED BY Symbol Address 

address   name                          
-------   ----                          
00000000  __TI_static_base__            
00000000  g_pfnVectors                  
00000200  __STACK_SIZE                  
0000082d  processSerial_Packet          
00000c87  main                          
00000d41  enablePort                    
00000dfd  disablePort                   
00000e7d  selectPinPushPullOutput       
00000ecb  selectPinOpenDrainOutput      
00000f19  selectPinDigitalInput         
00000f67  selectPinAnalogInput          
00000fb7  setPinCommitControl           
00001033  enablePinPullup               
00001061  disablePinPullup              
00001085  enablePinPulldown             
000010a9  disablePinPulldown            
000010d1  setPinAuxFunction             
000011e3  selectPinInterruptRisingEdge  
00001233  selectPinInterruptFallingEdge 
00001283  selectPinInterruptBothEdges   
000012d9  selectPinInterruptHighLevel   
00001313  selectPinInterruptLowLevel    
0000134d  enablePinInterrupt            
00001371  disablePinInterrupt           
00001395  clearPinInterrupt             
000013b9  setPinValue                   
000013df  togglePinValue                
00001403  getPinValue                   
00001441  setPortValue                  
000014b9  getPortValue                  
00001549  enableDevice                  
00001557  disableDevice                 
00001565  enableSpiCs                   
00001573  disableSpiCs                  
00001581  NRF_WR_REG                    
000015b5  NRF_READ_REG                  
000015e9  NRF_COMMAND                   
00001605  NRF_WR_MULTI                  
0000165f  NRF24_res                     
0000178b  initSpi                       
000017b5  NRF24_Init                    
000017f9  NRF24_InitRX                  
0000183d  NRF24_Tx                      
00001889  NRF24_Transmit                
00001925  NRF24_Rx                      
00001993  isDataAvailable               
000019cf  NRF24_Receive                 
00001a3d  initSpi0                      
00001ad9  setSpi0BaudRate               
00001b0f  setSpi0Mode                   
00001b5d  writeSpi0Data                 
00001b79  readSpi0Data                  
00001ba9  initUart1                     
00001bfd  setUart1BaudRate              
00001c41  putcUart1                     
00001c5d  putsUart1                     
00001c89  getcUart1                     
00001c9d  kbhitUart1                    
00001ce1  initUart0                     
00001d2b  setUart0BaudRate              
00001d6f  putcUart0                     
00001d8b  putsUart0                     
00001db7  getcUart0                     
00001dcb  kbhitUart0                    
00001e09  initRgb                       
00001eb1  setRgbColor                   
00001f21  __aeabi_memcpy                
00001f21  __aeabi_memcpy4               
00001f21  __aeabi_memcpy8               
00001f21  memcpy                        
00001fbd  __TI_decompress_lzss          
00002025  __TI_auto_init_nobinit_nopinit
00002069  strtok                        
000020a9  _c_int00_noargs               
000020dd  strspn                        
00002107  strcspn                       
0000212b  waitMicrosecond               
0000214f  __TI_zero_init_nomemset       
0000216b  strcmp                        
00002185  initSystemClockTo40Mhz        
00002195  __TI_decompress_none          
000021a3  ResetISR                      
000021af  _system_pre_init              
000021b3  C$$EXIT                       
000021b3  abort                         
00002210  __TI_Handler_Table_Base       
0000221c  __TI_Handler_Table_Limit      
00002228  __TI_CINIT_Base               
00002238  __TI_CINIT_Limit              
20000000  __stack                       
20000000  __start___llvm_prf_cnts       
20000000  __stop___llvm_prf_cnts        
20000200  __STACK_END                   
20000200  __STACK_TOP                   
20000258  config                        
2000025d  light_mode                    
ffffffff  __TI_pprof_out_hndl           
ffffffff  __TI_prof_data_size           
ffffffff  __TI_prof_data_start          
ffffffff  __binit__                     
ffffffff  __c_args__                    
ffffffff  binit                         
UNDEFED   __mpu_init                    
UNDEFED   _system_post_cinit            

[104 symbols]
